Archive member included to satisfy reference by file (symbol)

/Users/chegleev/Documents/EclipseRISCV2/xpack-riscv-none-embed-gcc-10.2.0-1.1/bin/../lib/gcc/riscv-none-embed/10.2.0/rv32imac/ilp32/libgcc.a(save-restore.o)
                              ./User/tm1637.o (__riscv_save_4)
/Users/chegleev/Documents/EclipseRISCV2/xpack-riscv-none-embed-gcc-10.2.0-1.1/bin/../lib/gcc/riscv-none-embed/10.2.0/../../../../riscv-none-embed/lib/rv32imac/ilp32/libg_nano.a(lib_a-memcpy.o)
                              ./User/tm1637.o (memcpy)

Discarded input sections

 .text          0x0000000000000000        0x0 ./User/ch32v30x_it.o
 .data          0x0000000000000000        0x0 ./User/ch32v30x_it.o
 .bss           0x0000000000000000        0x0 ./User/ch32v30x_it.o
 .text          0x0000000000000000        0x0 ./User/main.o
 .data          0x0000000000000000        0x0 ./User/main.o
 .bss           0x0000000000000000        0x0 ./User/main.o
 .text          0x0000000000000000        0x0 ./User/system_ch32v30x.o
 .data          0x0000000000000000        0x0 ./User/system_ch32v30x.o
 .bss           0x0000000000000000        0x0 ./User/system_ch32v30x.o
 .text.SystemCoreClockUpdate
                0x0000000000000000       0xba ./User/system_ch32v30x.o
 .data.AHBPrescTable
                0x0000000000000000       0x10 ./User/system_ch32v30x.o
 .text          0x0000000000000000        0x0 ./User/tm1637.o
 .data          0x0000000000000000        0x0 ./User/tm1637.o
 .bss           0x0000000000000000        0x0 ./User/tm1637.o
 .text          0x0000000000000000        0x0 ./Startup/startup_ch32v30x_D8C.o
 .data          0x0000000000000000        0x0 ./Startup/startup_ch32v30x_D8C.o
 .bss           0x0000000000000000        0x0 ./Startup/startup_ch32v30x_D8C.o
 .text          0x0000000000000000        0x0 ./Peripheral/src/ch32v30x_adc.o
 .data          0x0000000000000000        0x0 ./Peripheral/src/ch32v30x_adc.o
 .bss           0x0000000000000000        0x0 ./Peripheral/src/ch32v30x_adc.o
 .text.ADC_DeInit
                0x0000000000000000       0x5a ./Peripheral/src/ch32v30x_adc.o
 .text.ADC_Init
                0x0000000000000000       0x58 ./Peripheral/src/ch32v30x_adc.o
 .text.ADC_StructInit
                0x0000000000000000       0x1c ./Peripheral/src/ch32v30x_adc.o
 .text.ADC_Cmd  0x0000000000000000       0x10 ./Peripheral/src/ch32v30x_adc.o
 .text.ADC_DMACmd
                0x0000000000000000       0x12 ./Peripheral/src/ch32v30x_adc.o
 .text.ADC_ITConfig
                0x0000000000000000       0x16 ./Peripheral/src/ch32v30x_adc.o
 .text.ADC_ResetCalibration
                0x0000000000000000        0xa ./Peripheral/src/ch32v30x_adc.o
 .text.ADC_GetResetCalibrationStatus
                0x0000000000000000        0x8 ./Peripheral/src/ch32v30x_adc.o
 .text.ADC_StartCalibration
                0x0000000000000000        0xa ./Peripheral/src/ch32v30x_adc.o
 .text.ADC_GetCalibrationStatus
                0x0000000000000000        0x8 ./Peripheral/src/ch32v30x_adc.o
 .text.ADC_SoftwareStartConvCmd
                0x0000000000000000       0x18 ./Peripheral/src/ch32v30x_adc.o
 .text.ADC_GetSoftwareStartConvStatus
                0x0000000000000000        0x8 ./Peripheral/src/ch32v30x_adc.o
 .text.ADC_DiscModeChannelCountConfig
                0x0000000000000000       0x12 ./Peripheral/src/ch32v30x_adc.o
 .text.ADC_DiscModeCmd
                0x0000000000000000       0x1a ./Peripheral/src/ch32v30x_adc.o
 .text.ADC_RegularChannelConfig
                0x0000000000000000       0xb8 ./Peripheral/src/ch32v30x_adc.o
 .text.ADC_ExternalTrigConvCmd
                0x0000000000000000       0x18 ./Peripheral/src/ch32v30x_adc.o
 .text.ADC_GetConversionValue
                0x0000000000000000        0x8 ./Peripheral/src/ch32v30x_adc.o
 .text.ADC_GetDualModeConversionValue
                0x0000000000000000        0xa ./Peripheral/src/ch32v30x_adc.o
 .text.ADC_AutoInjectedConvCmd
                0x0000000000000000       0x12 ./Peripheral/src/ch32v30x_adc.o
 .text.ADC_InjectedDiscModeCmd
                0x0000000000000000       0x14 ./Peripheral/src/ch32v30x_adc.o
 .text.ADC_ExternalTrigInjectedConvConfig
                0x0000000000000000        0xe ./Peripheral/src/ch32v30x_adc.o
 .text.ADC_ExternalTrigInjectedConvCmd
                0x0000000000000000       0x14 ./Peripheral/src/ch32v30x_adc.o
 .text.ADC_SoftwareStartInjectedConvCmd
                0x0000000000000000       0x18 ./Peripheral/src/ch32v30x_adc.o
 .text.ADC_GetSoftwareStartInjectedConvCmdStatus
                0x0000000000000000        0x8 ./Peripheral/src/ch32v30x_adc.o
 .text.ADC_InjectedChannelConfig
                0x0000000000000000       0x7a ./Peripheral/src/ch32v30x_adc.o
 .text.ADC_InjectedSequencerLengthConfig
                0x0000000000000000       0x14 ./Peripheral/src/ch32v30x_adc.o
 .text.ADC_SetInjectedOffset
                0x0000000000000000       0x14 ./Peripheral/src/ch32v30x_adc.o
 .text.ADC_GetInjectedConversionValue
[...]
Memory Configuration

Name             Origin             Length             Attributes
FLASH            0x0000000000000000 0x0000000000040000 xr
RAM              0x0000000020000000 0x0000000000010000 xrw
*default*        0x0000000000000000 0xffffffffffffffff

Linker script and memory map

LOAD ./User/ch32v30x_it.o
LOAD ./User/main.o
LOAD ./User/system_ch32v30x.o
LOAD ./User/tm1637.o
LOAD ./Startup/startup_ch32v30x_D8C.o
LOAD ./Peripheral/src/ch32v30x_adc.o
LOAD ./Peripheral/src/ch32v30x_bkp.o
LOAD ./Peripheral/src/ch32v30x_can.o
LOAD ./Peripheral/src/ch32v30x_crc.o
LOAD ./Peripheral/src/ch32v30x_dac.o
LOAD ./Peripheral/src/ch32v30x_dbgmcu.o
LOAD ./Peripheral/src/ch32v30x_dma.o
LOAD ./Peripheral/src/ch32v30x_dvp.o
LOAD ./Peripheral/src/ch32v30x_eth.o
LOAD ./Peripheral/src/ch32v30x_exti.o
LOAD ./Peripheral/src/ch32v30x_flash.o
LOAD ./Peripheral/src/ch32v30x_fsmc.o
LOAD ./Peripheral/src/ch32v30x_gpio.o
LOAD ./Peripheral/src/ch32v30x_i2c.o
LOAD ./Peripheral/src/ch32v30x_iwdg.o
LOAD ./Peripheral/src/ch32v30x_misc.o
LOAD ./Peripheral/src/ch32v30x_opa.o
LOAD ./Peripheral/src/ch32v30x_pwr.o
LOAD ./Peripheral/src/ch32v30x_rcc.o
LOAD ./Peripheral/src/ch32v30x_rng.o
LOAD ./Peripheral/src/ch32v30x_rtc.o
LOAD ./Peripheral/src/ch32v30x_sdio.o
LOAD ./Peripheral/src/ch32v30x_spi.o
LOAD ./Peripheral/src/ch32v30x_tim.o
LOAD ./Peripheral/src/ch32v30x_usart.o
LOAD ./Peripheral/src/ch32v30x_wwdg.o
LOAD ./Debug/debug.o
LOAD ./Core/core_riscv.o
LOAD /Users/chegleev/Documents/EclipseRISCV2/xpack-riscv-none-embed-gcc-10.2.0-1.1/bin/../lib/gcc/riscv-none-embed/10.2.0/../../../../riscv-none-embed/lib/rv32imac/ilp32/libm.a
LOAD /Users/chegleev/Documents/EclipseRISCV2/xpack-riscv-none-embed-gcc-10.2.0-1.1/bin/../lib/gcc/riscv-none-embed/10.2.0/rv32imac/ilp32/libgcc.a
LOAD /Users/chegleev/Documents/EclipseRISCV2/xpack-riscv-none-embed-gcc-10.2.0-1.1/bin/../lib/gcc/riscv-none-embed/10.2.0/../../../../riscv-none-embed/lib/rv32imac/ilp32/libg_nano.a
LOAD /Users/chegleev/Documents/EclipseRISCV2/xpack-riscv-none-embed-gcc-10.2.0-1.1/bin/../lib/gcc/riscv-none-embed/10.2.0/../../../../riscv-none-embed/lib/rv32imac/ilp32/libc_nano.a
LOAD /Users/chegleev/Documents/EclipseRISCV2/xpack-riscv-none-embed-gcc-10.2.0-1.1/bin/../lib/gcc/riscv-none-embed/10.2.0/rv32imac/ilp32/libgcc.a
START GROUP
LOAD /Users/chegleev/Documents/EclipseRISCV2/xpack-riscv-none-embed-gcc-10.2.0-1.1/bin/../lib/gcc/riscv-none-embed/10.2.0/rv32imac/ilp32/libgcc.a
LOAD /Users/chegleev/Documents/EclipseRISCV2/xpack-riscv-none-embed-gcc-10.2.0-1.1/bin/../lib/gcc/riscv-none-embed/10.2.0/../../../../riscv-none-embed/lib/rv32imac/ilp32/libc_nano.a
LOAD /Users/chegleev/Documents/EclipseRISCV2/xpack-riscv-none-embed-gcc-10.2.0-1.1/bin/../lib/gcc/riscv-none-embed/10.2.0/../../../../riscv-none-embed/lib/rv32imac/ilp32/libnosys.a
END GROUP
START GROUP
LOAD /Users/chegleev/Documents/EclipseRISCV2/xpack-riscv-none-embed-gcc-10.2.0-1.1/bin/../lib/gcc/riscv-none-embed/10.2.0/rv32imac/ilp32/libgcc.a
LOAD /Users/chegleev/Documents/EclipseRISCV2/xpack-riscv-none-embed-gcc-10.2.0-1.1/bin/../lib/gcc/riscv-none-embed/10.2.0/../../../../riscv-none-embed/lib/rv32imac/ilp32/libc_nano.a
LOAD /Users/chegleev/Documents/EclipseRISCV2/xpack-riscv-none-embed-gcc-10.2.0-1.1/bin/../lib/gcc/riscv-none-embed/10.2.0/../../../../riscv-none-embed/lib/rv32imac/ilp32/libnosys.a
END GROUP
                0x0000000000000800                __stack_size = 0x800
                [!provide]                        PROVIDE (_stack_size = __stack_size)

.init           0x0000000000000000       0x38
                0x0000000000000000                _sinit = .
                0x0000000000000000                . = ALIGN (0x4)
 *(SORT_NONE(.init))
 .init          0x0000000000000000       0x38 ./Startup/startup_ch32v30x_D8C.o
                0x0000000000000000                _start
                0x0000000000000038                . = ALIGN (0x4)
                0x0000000000000038                _einit = .

.vector         0x0000000000000038      0x1c8
 *(.vector)
 .vector        0x0000000000000038      0x1a0 ./Startup/startup_ch32v30x_D8C.o
                0x0000000000000200                . = ALIGN (0x40)
 *fill*         0x00000000000001d8       0x28 

.text           0x0000000000000200      0x814
                0x0000000000000200                . = ALIGN (0x4)
 *(.text)
 .text          0x0000000000000200       0x60 /Users/chegleev/Documents/EclipseRISCV2/xpack-riscv-none-embed-gcc-10.2.0-1.1/bin/../lib/gcc/riscv-none-embed/10.2.0/rv32imac/ilp32/libgcc.a(save-restore.o)
                0x0000000000000200                __riscv_save_12
                0x0000000000000208                __riscv_save_10
                0x0000000000000208                __riscv_save_8
                0x0000000000000208                __riscv_save_11
                0x0000000000000208                __riscv_save_9
                0x0000000000000216                __riscv_save_4
                0x0000000000000216                __riscv_save_7
                0x0000000000000216                __riscv_save_6
                0x0000000000000216                __riscv_save_5
                0x0000000000000230                __riscv_save_3
                0x0000000000000230                __riscv_save_2
                0x0000000000000230                __riscv_save_0
                0x0000000000000230                __riscv_save_1
                0x000000000000023c                __riscv_restore_12
                0x0000000000000240                __riscv_restore_8
                0x0000000000000240                __riscv_restore_10
                0x0000000000000240                __riscv_restore_9
                0x0000000000000240                __riscv_restore_11
                0x000000000000024a                __riscv_restore_5
                0x000000000000024a                __riscv_restore_7
                0x000000000000024a                __riscv_restore_4
                0x000000000000024a                __riscv_restore_6
                0x0000000000000254                __riscv_restore_3
                0x0000000000000254                __riscv_restore_1
                0x0000000000000254                __riscv_restore_0
                0x0000000000000254                __riscv_restore_2
 *(.text.*)
 .text.NMI_Handler
                0x0000000000000260        0x2 ./User/ch32v30x_it.o
                0x0000000000000260                NMI_Handler
 .text.HardFault_Handler
                0x0000000000000262        0x2 ./User/ch32v30x_it.o
                0x0000000000000262                HardFault_Handler
 .text.GPIO_TM1637_INIT
                0x0000000000000264       0x40 ./User/main.o
                0x0000000000000264                GPIO_TM1637_INIT
 .text.startup.main
                0x00000000000002a4       0x4e ./User/main.o
                0x00000000000002a4                main
 .text.SystemInit
                0x00000000000002f2       0xfa ./User/system_ch32v30x.o
                0x00000000000002f2                SystemInit
 .text.writeByte
                0x00000000000003ec       0xa8 ./User/tm1637.o
                0x00000000000003ec                writeByte
 .text.start    0x0000000000000494       0x46 ./User/tm1637.o
                0x0000000000000494                start
 .text.stop     0x00000000000004da       0x46 ./User/tm1637.o
                0x00000000000004da                stop
 .text.set_brightness
                0x0000000000000520        0xa ./User/tm1637.o
                0x0000000000000520                set_brightness
 .text.point    0x000000000000052a       0x18 ./User/tm1637.o
                0x000000000000052a                point
 .text.coding_mass
                0x0000000000000542       0x40 ./User/tm1637.o
                0x0000000000000542                coding_mass
 .text.display_mass
                0x0000000000000582       0x48 ./User/tm1637.o
                0x0000000000000582                display_mass
 .text.coding   0x00000000000005ca       0x30 ./User/tm1637.o
                0x00000000000005ca                coding
 .text.display  0x00000000000005fa       0x30 ./User/tm1637.o
                0x00000000000005fa                display
 .text.clearDisplay
                0x000000000000062a       0x26 ./User/tm1637.o
                0x000000000000062a                clearDisplay
 .text.vector_handler
                0x0000000000000650       0xbe ./Startup/startup_ch32v30x_D8C.o
                0x0000000000000654                Ecall_M_Mode_Handler
                0x0000000000000656                Ecall_U_Mode_Handler
                0x0000000000000658                Break_Point_Handler
                0x000000000000065a                SysTick_Handler
                0x000000000000065c                SW_Handler
                0x000000000000065e                WWDG_IRQHandler
                0x0000000000000660                PVD_IRQHandler
                0x0000000000000662                TAMPER_IRQHandler
                0x0000000000000664                RTC_IRQHandler
                0x0000000000000666                FLASH_IRQHandler
                0x0000000000000668                RCC_IRQHandler
                0x000000000000066a                EXTI0_IRQHandler
                0x000000000000066c                EXTI1_IRQHandler
                0x000000000000066e                EXTI2_IRQHandler
                0x0000000000000670                EXTI3_IRQHandler
                0x0000000000000672                EXTI4_IRQHandler
                0x0000000000000674                DMA1_Channel1_IRQHandler
                0x0000000000000676                DMA1_Channel2_IRQHandler
                0x0000000000000678                DMA1_Channel3_IRQHandler
                0x000000000000067a                DMA1_Channel4_IRQHandler
                0x000000000000067c                DMA1_Channel5_IRQHandler
                0x000000000000067e                DMA1_Channel6_IRQHandler
                0x0000000000000680                DMA1_Channel7_IRQHandler
                0x0000000000000682                ADC1_2_IRQHandler
                0x0000000000000684                USB_HP_CAN1_TX_IRQHandler
                0x0000000000000686                USB_LP_CAN1_RX0_IRQHandler
                0x0000000000000688                CAN1_RX1_IRQHandler
                0x000000000000068a                CAN1_SCE_IRQHandler
                0x000000000000068c                EXTI9_5_IRQHandler
                0x000000000000068e                TIM1_BRK_IRQHandler
                0x0000000000000690                TIM1_UP_IRQHandler
                0x0000000000000692                TIM1_TRG_COM_IRQHandler
                0x0000000000000694                TIM1_CC_IRQHandler
                0x0000000000000696                TIM2_IRQHandler
                0x0000000000000698                TIM3_IRQHandler
                0x000000000000069a                TIM4_IRQHandler
                0x000000000000069c                I2C1_EV_IRQHandler
                0x000000000000069e                I2C1_ER_IRQHandler
                0x00000000000006a0                I2C2_EV_IRQHandler
                0x00000000000006a2                I2C2_ER_IRQHandler
                0x00000000000006a4                SPI1_IRQHandler
                0x00000000000006a6                SPI2_IRQHandler
                0x00000000000006a8                USART1_IRQHandler
                0x00000000000006aa                USART2_IRQHandler
                0x00000000000006ac                USART3_IRQHandler
                0x00000000000006ae                EXTI15_10_IRQHandler
                0x00000000000006b0                RTCAlarm_IRQHandler
                0x00000000000006b2                USBWakeUp_IRQHandler
                0x00000000000006b4                TIM8_BRK_IRQHandler
                0x00000000000006b6                TIM8_UP_IRQHandler
                0x00000000000006b8                TIM8_TRG_COM_IRQHandler
                0x00000000000006ba                TIM8_CC_IRQHandler
                0x00000000000006bc                RNG_IRQHandler
                0x00000000000006be                FSMC_IRQHandler
                0x00000000000006c0                SDIO_IRQHandler
                0x00000000000006c2                TIM5_IRQHandler
                0x00000000000006c4                SPI3_IRQHandler
                0x00000000000006c6                UART4_IRQHandler
                0x00000000000006c8                UART5_IRQHandler
                0x00000000000006ca                TIM6_IRQHandler
                0x00000000000006cc                TIM7_IRQHandler
                0x00000000000006ce                DMA2_Channel1_IRQHandler
                0x00000000000006d0                DMA2_Channel2_IRQHandler
                0x00000000000006d2                DMA2_Channel3_IRQHandler
                0x00000000000006d4                DMA2_Channel4_IRQHandler
                0x00000000000006d6                DMA2_Channel5_IRQHandler
                0x00000000000006d8                ETH_IRQHandler
                0x00000000000006da                ETH_WKUP_IRQHandler
                0x00000000000006dc                CAN2_TX_IRQHandler
                0x00000000000006de                CAN2_RX0_IRQHandler
                0x00000000000006e0                CAN2_RX1_IRQHandler
                0x00000000000006e2                CAN2_SCE_IRQHandler
                0x00000000000006e4                OTG_FS_IRQHandler
                0x00000000000006e6                USBHSWakeup_IRQHandler
                0x00000000000006e8                USBHS_IRQHandler
                0x00000000000006ea                DVP_IRQHandler
                0x00000000000006ec                UART6_IRQHandler
                0x00000000000006ee                UART7_IRQHandler
                0x00000000000006f0                UART8_IRQHandler
                0x00000000000006f2                TIM9_BRK_IRQHandler
                0x00000000000006f4                TIM9_UP_IRQHandler
                0x00000000000006f6                TIM9_TRG_COM_IRQHandler
                0x00000000000006f8                TIM9_CC_IRQHandler
                0x00000000000006fa                TIM10_BRK_IRQHandler
                0x00000000000006fc                TIM10_UP_IRQHandler
                0x00000000000006fe                TIM10_TRG_COM_IRQHandler
                0x0000000000000700                TIM10_CC_IRQHandler
                0x0000000000000702                DMA2_Channel6_IRQHandler
                0x0000000000000704                DMA2_Channel7_IRQHandler
                0x0000000000000706                DMA2_Channel8_IRQHandler
                0x0000000000000708                DMA2_Channel9_IRQHandler
                0x000000000000070a                DMA2_Channel10_IRQHandler
                0x000000000000070c                DMA2_Channel11_IRQHandler
 .text.handle_reset
                0x000000000000070e       0x88 ./Startup/startup_ch32v30x_D8C.o
                0x000000000000070e                handle_reset
 .text.GPIO_Init
                0x0000000000000796       0xc2 ./Peripheral/src/ch32v30x_gpio.o
                0x0000000000000796                GPIO_Init
 .text.GPIO_ReadInputDataBit
                0x0000000000000858        0xa ./Peripheral/src/ch32v30x_gpio.o
                0x0000000000000858                GPIO_ReadInputDataBit
 .text.GPIO_WriteBit
                0x0000000000000862        0xa ./Peripheral/src/ch32v30x_gpio.o
                0x0000000000000862                GPIO_WriteBit
 .text.NVIC_PriorityGroupConfig
                0x000000000000086c        0x6 ./Peripheral/src/ch32v30x_misc.o
                0x000000000000086c                NVIC_PriorityGroupConfig
 .text.RCC_APB2PeriphClockCmd
                0x0000000000000872       0x1e ./Peripheral/src/ch32v30x_rcc.o
                0x0000000000000872                RCC_APB2PeriphClockCmd
 .text.Delay_Init
                0x0000000000000890       0x2a ./Debug/debug.o
                0x0000000000000890                Delay_Init
 .text.Delay_Us
                0x00000000000008ba       0x36 ./Debug/debug.o
                0x00000000000008ba                Delay_Us
 .text.Delay_Ms
                0x00000000000008f0       0x36 ./Debug/debug.o
                0x00000000000008f0                Delay_Ms
 .text.memcpy   0x0000000000000926       0xdc /Users/chegleev/Documents/EclipseRISCV2/xpack-riscv-none-embed-gcc-10.2.0-1.1/bin/../lib/gcc/riscv-none-embed/10.2.0/../../../../riscv-none-embed/lib/rv32imac/ilp32/libg_nano.a(lib_a-memcpy.o)
                0x0000000000000926                memcpy
 *(.rodata)
 *(.rodata*)
 *fill*         0x0000000000000a02        0x2 
 .rodata.TubeTab
                0x0000000000000a04        0xd ./User/tm1637.o
 *(.gnu.linkonce.t.*)
                0x0000000000000a14                . = ALIGN (0x4)
 *fill*         0x0000000000000a11        0x3 

.rela.dyn       0x0000000000000a14        0x0
 .rela.init     0x0000000000000a14        0x0 ./User/ch32v30x_it.o
 .rela.vector   0x0000000000000a14        0x0 ./User/ch32v30x_it.o
 .rela.text.handle_reset
                0x0000000000000a14        0x0 ./User/ch32v30x_it.o

.fini           0x0000000000000a14        0x0
 *(SORT_NONE(.fini))
                0x0000000000000a14                . = ALIGN (0x4)
                [!provide]                        PROVIDE (_etext = .)
                [!provide]                        PROVIDE (_eitcm = .)

.preinit_array  0x0000000000000a14        0x0
                [!provide]                        PROVIDE (__preinit_array_start = .)
 *(.preinit_array)
                [!provide]                        PROVIDE (__preinit_array_end = .)

.init_array     0x0000000000000a14        0x0
                [!provide]                        PROVIDE (__init_array_start = .)
 *(SORT_BY_INIT_PRIORITY(.init_array.*) SORT_BY_INIT_PRIORITY(.ctors.*))
 *(.init_array EXCLUDE_FILE(*crtend?.o *crtend.o *crtbegin?.o *crtbegin.o) .ctors)
                [!provide]                        PROVIDE (__init_array_end = .)

.fini_array     0x0000000000000a14        0x0
                [!provide]                        PROVIDE (__fini_array_start = .)
 *(SORT_BY_INIT_PRIORITY(.fini_array.*) SORT_BY_INIT_PRIORITY(.dtors.*))
 *(.fini_array EXCLUDE_FILE(*crtend?.o *crtend.o *crtbegin?.o *crtbegin.o) .dtors)
                [!provide]                        PROVIDE (__fini_array_end = .)

.ctors
 *crtbegin.o(.ctors)
 *crtbegin?.o(.ctors)
 *(EXCLUDE_FILE(*crtend?.o *crtend.o) .ctors)
 *(SORT_BY_NAME(.ctors.*))
 *(.ctors)

.dtors
 *crtbegin.o(.dtors)
 *crtbegin?.o(.dtors)
 *(EXCLUDE_FILE(*crtend?.o *crtend.o) .dtors)
 *(SORT_BY_NAME(.dtors.*))
 *(.dtors)

.dalign         0x0000000020000000        0x0 load address 0x0000000000000a14
                0x0000000020000000                . = ALIGN (0x4)
                0x0000000020000000                PROVIDE (_data_vma = .)

.dlalign        0x0000000000000a14        0x0
                0x0000000000000a14                . = ALIGN (0x4)
                0x0000000000000a14                PROVIDE (_data_lma = .)

.data           0x0000000020000000        0x8 load address 0x0000000000000a14
 *(.gnu.linkonce.r.*)
 *(.data .data.*)
 *(.gnu.linkonce.d.*)
                0x0000000020000000                . = ALIGN (0x8)
                0x0000000020000800                PROVIDE (__global_pointer$ = (. + 0x800))
 *(.sdata .sdata.*)
 .sdata.SystemCoreClock
                0x0000000020000000        0x4 ./User/system_ch32v30x.o
                0x0000000020000000                SystemCoreClock
 *(.sdata2.*)
 *(.gnu.linkonce.s.*)
                0x0000000020000008                . = ALIGN (0x8)
 *fill*         0x0000000020000004        0x4 
 *(.srodata.cst16)
 *(.srodata.cst8)
 *(.srodata.cst4)
 *(.srodata.cst2)
 *(.srodata .srodata.*)
                0x0000000020000008                . = ALIGN (0x4)
                0x0000000020000008                PROVIDE (_edata = .)

.bss            0x0000000020000008        0xc load address 0x0000000000000a1c
                0x0000000020000008                . = ALIGN (0x4)
                0x0000000020000008                PROVIDE (_sbss = .)
 *(.sbss*)
 .sbss.Cmd_DispCtrl
                0x0000000020000008        0x1 ./User/tm1637.o
                0x0000000020000008                Cmd_DispCtrl
 .sbss.point_flag
                0x0000000020000009        0x1 ./User/tm1637.o
                0x0000000020000009                point_flag
 *fill*         0x000000002000000a        0x2 
 .sbss.NVIC_Priority_Group
                0x000000002000000c        0x4 ./Peripheral/src/ch32v30x_misc.o
                0x000000002000000c                NVIC_Priority_Group
 .sbss.p_ms     0x0000000020000010        0x2 ./Debug/debug.o
 .sbss.p_us     0x0000000020000012        0x1 ./Debug/debug.o
 *(.gnu.linkonce.sb.*)
 *(.bss*)
 *(.gnu.linkonce.b.*)
 *(COMMON*)
                0x0000000020000014                . = ALIGN (0x4)
 *fill*         0x0000000020000013        0x1 
                0x0000000020000014                PROVIDE (_ebss = .)
                0x0000000020000014                PROVIDE (_end = _ebss)
                [!provide]                        PROVIDE (end = .)

.stack          0x000000002000f800      0x800
                0x000000002000f800                PROVIDE (_heap_end = .)
                0x000000002000f800                . = ALIGN (0x4)
                [!provide]                        PROVIDE (_susrstack = .)
                0x0000000020010000                . = (. + __stack_size)
 *fill*         0x000000002000f800      0x800 
                0x0000000020010000                PROVIDE (_eusrstack = .)
OUTPUT(TM1637.elf elf32-littleriscv)

.debug_info     0x0000000000000000     0x3228
 .debug_info    0x0000000000000000       0x97 ./User/ch32v30x_it.o
 .debug_info    0x0000000000000097      0x3ed ./User/main.o
 .debug_info    0x0000000000000484      0x2e5 ./User/system_ch32v30x.o
 .debug_info    0x0000000000000769      0x867 ./User/tm1637.o
 .debug_info    0x0000000000000fd0       0x22 ./Startup/startup_ch32v30x_D8C.o
 .debug_info    0x0000000000000ff2      0x7de ./Peripheral/src/ch32v30x_gpio.o
 .debug_info    0x00000000000017d0      0x6bf ./Peripheral/src/ch32v30x_misc.o
 .debug_info    0x0000000000001e8f      0xd1c ./Peripheral/src/ch32v30x_rcc.o
 .debug_info    0x0000000000002bab      0x67d ./Debug/debug.o

.debug_abbrev   0x0000000000000000      0xda4
 .debug_abbrev  0x0000000000000000       0x44 ./User/ch32v30x_it.o
 .debug_abbrev  0x0000000000000044      0x17f ./User/main.o
 .debug_abbrev  0x00000000000001c3      0x18e ./User/system_ch32v30x.o
 .debug_abbrev  0x0000000000000351      0x1be ./User/tm1637.o
 .debug_abbrev  0x000000000000050f       0x12 ./Startup/startup_ch32v30x_D8C.o
 .debug_abbrev  0x0000000000000521      0x1f7 ./Peripheral/src/ch32v30x_gpio.o
 .debug_abbrev  0x0000000000000718      0x1d0 ./Peripheral/src/ch32v30x_misc.o
 .debug_abbrev  0x00000000000008e8      0x2b3 ./Peripheral/src/ch32v30x_rcc.o
 .debug_abbrev  0x0000000000000b9b      0x209 ./Debug/debug.o

.debug_aranges  0x0000000000000000      0x3d0
 .debug_aranges
                0x0000000000000000       0x28 ./User/ch32v30x_it.o
 .debug_aranges
                0x0000000000000028       0x28 ./User/main.o
 .debug_aranges
                0x0000000000000050       0x28 ./User/system_ch32v30x.o
 .debug_aranges
                0x0000000000000078       0x68 ./User/tm1637.o
 .debug_aranges
                0x00000000000000e0       0x30 ./Startup/startup_ch32v30x_D8C.o
 .debug_aranges
                0x0000000000000110       0xa8 ./Peripheral/src/ch32v30x_gpio.o
 .debug_aranges
                0x00000000000001b8       0x28 ./Peripheral/src/ch32v30x_misc.o
 .debug_aranges
                0x00000000000001e0      0x1a8 ./Peripheral/src/ch32v30x_rcc.o
 .debug_aranges
                0x0000000000000388       0x48 ./Debug/debug.o

.debug_ranges   0x0000000000000000      0x438
 .debug_ranges  0x0000000000000000       0x18 ./User/ch32v30x_it.o
 .debug_ranges  0x0000000000000018       0x18 ./User/main.o
 .debug_ranges  0x0000000000000030       0x38 ./User/system_ch32v30x.o
 .debug_ranges  0x0000000000000068       0xa8 ./User/tm1637.o
 .debug_ranges  0x0000000000000110       0x28 ./Startup/startup_ch32v30x_D8C.o
 .debug_ranges  0x0000000000000138       0x98 ./Peripheral/src/ch32v30x_gpio.o
 .debug_ranges  0x00000000000001d0       0x60 ./Peripheral/src/ch32v30x_misc.o
 .debug_ranges  0x0000000000000230      0x1d0 ./Peripheral/src/ch32v30x_rcc.o
 .debug_ranges  0x0000000000000400       0x38 ./Debug/debug.o

.debug_line     0x0000000000000000     0x4a2b
 .debug_line    0x0000000000000000       0x82 ./User/ch32v30x_it.o
 .debug_line    0x0000000000000082      0x41a ./User/main.o
 .debug_line    0x000000000000049c      0x732 ./User/system_ch32v30x.o
 .debug_line    0x0000000000000bce      0x77d ./User/tm1637.o
 .debug_line    0x000000000000134b      0x386 ./Startup/startup_ch32v30x_D8C.o
 .debug_line    0x00000000000016d1      0xd30 ./Peripheral/src/ch32v30x_gpio.o
 .debug_line    0x0000000000002401      0x481 ./Peripheral/src/ch32v30x_misc.o
 .debug_line    0x0000000000002882     0x1a07 ./Peripheral/src/ch32v30x_rcc.o
 .debug_line    0x0000000000004289      0x7a2 ./Debug/debug.o

.debug_str      0x0000000000000000     0x1737
 .debug_str     0x0000000000000000      0x186 ./User/ch32v30x_it.o
                                        0x1bf (size before relaxing)
 .debug_str     0x0000000000000186      0x24a ./User/main.o
                                        0x3f6 (size before relaxing)
 .debug_str     0x00000000000003d0      0x11b ./User/system_ch32v30x.o
                                        0x2f9 (size before relaxing)
 .debug_str     0x00000000000004eb       0xc2 ./User/tm1637.o
                                        0x326 (size before relaxing)
 .debug_str     0x00000000000005ad       0x5e ./Startup/startup_ch32v30x_D8C.o
                                         0x9d (size before relaxing)
 .debug_str     0x000000000000060b      0x276 ./Peripheral/src/ch32v30x_gpio.o
                                        0x5be (size before relaxing)
 .debug_str     0x0000000000000881      0x720 ./Peripheral/src/ch32v30x_misc.o
                                        0x918 (size before relaxing)
 .debug_str     0x0000000000000fa1      0x5fb ./Peripheral/src/ch32v30x_rcc.o
                                        0x917 (size before relaxing)
 .debug_str     0x000000000000159c      0x19b ./Debug/debug.o
                                        0x563 (size before relaxing)

.comment        0x0000000000000000       0x33
 .comment       0x0000000000000000       0x33 ./User/ch32v30x_it.o
                                         0x34 (size before relaxing)
 .comment       0x0000000000000033       0x34 ./User/main.o
 .comment       0x0000000000000033       0x34 ./User/system_ch32v30x.o
 .comment       0x0000000000000033       0x34 ./User/tm1637.o
 .comment       0x0000000000000033       0x34 ./Peripheral/src/ch32v30x_gpio.o
 .comment       0x0000000000000033       0x34 ./Peripheral/src/ch32v30x_misc.o
 .comment       0x0000000000000033       0x34 ./Peripheral/src/ch32v30x_rcc.o
 .comment       0x0000000000000033       0x34 ./Debug/debug.o

.debug_frame    0x0000000000000000      0x744
 .debug_frame   0x0000000000000000       0x30 ./User/ch32v30x_it.o
 .debug_frame   0x0000000000000030       0x50 ./User/main.o
 .debug_frame   0x0000000000000080       0x3c ./User/system_ch32v30x.o
 .debug_frame   0x00000000000000bc      0x11c ./User/tm1637.o
 .debug_frame   0x00000000000001d8      0x148 ./Peripheral/src/ch32v30x_gpio.o
 .debug_frame   0x0000000000000320       0x30 ./Peripheral/src/ch32v30x_misc.o
 .debug_frame   0x0000000000000350      0x338 ./Peripheral/src/ch32v30x_rcc.o
 .debug_frame   0x0000000000000688       0x9c ./Debug/debug.o
 .debug_frame   0x0000000000000724       0x20 /Users/chegleev/Documents/EclipseRISCV2/xpack-riscv-none-embed-gcc-10.2.0-1.1/bin/../lib/gcc/riscv-none-embed/10.2.0/../../../../riscv-none-embed/lib/rv32imac/ilp32/libg_nano.a(lib_a-memcpy.o)

.debug_loc      0x0000000000000000     0x1617
 .debug_loc     0x0000000000000000       0x1e ./User/main.o
 .debug_loc     0x000000000000001e      0x115 ./User/system_ch32v30x.o
 .debug_loc     0x0000000000000133      0x1f1 ./User/tm1637.o
 .debug_loc     0x0000000000000324      0x61a ./Peripheral/src/ch32v30x_gpio.o
 .debug_loc     0x000000000000093e       0xcd ./Peripheral/src/ch32v30x_misc.o
 .debug_loc     0x0000000000000a0b      0xa8a ./Peripheral/src/ch32v30x_rcc.o
 .debug_loc     0x0000000000001495      0x182 ./Debug/debug.o
